[watchdog9 09-28 05:31:27] ADVISORY OOMGROW: GPU memory 23665 MiB near the 24576 MiB limit
[watchdog9 09-28 05:41:27] ADVISORY OOMGROW: GPU memory 23667 MiB near the 24576 MiB limit
[watchdog9 09-28 05:51:27] ADVISORY OOMGROW: GPU memory 23667 MiB near the 24576 MiB limit
[watchdog9 09-28 06:01:27] ADVISORY OOMGROW: GPU memory 23667 MiB near the 24576 MiB limit
[watchdog9 09-28 06:11:28] ADVISORY OOMGROW: GPU memory 23927 MiB near the 24576 MiB limit
[watchdog9 09-28 06:21:28] ADVISORY OOMGROW: GPU memory 23927 MiB near the 24576 MiB limit
[watchdog9 09-28 06:31:28] ADVISORY OOMGROW: GPU memory 23927 MiB near the 24576 MiB limit
[watchdog9 09-28 06:41:28] ADVISORY OOMGROW: GPU memory 23927 MiB near the 24576 MiB limit
[watchdog9 09-28 06:51:28] ADVISORY OOMGROW: GPU memory 23927 MiB near the 24576 MiB limit
[watchdog9 09-28 07:01:28] ADVISORY OOMGROW: GPU memory 23927 MiB near the 24576 MiB limit
[watchdog9 09-28 07:11:28] ADVISORY OOMGROW: GPU memory 24019 MiB near the 24576 MiB limit
[watchdog9 09-28 07:21:28] ADVISORY OOMGROW: GPU memory 24019 MiB near the 24576 MiB limit
[watchdog9 09-28 07:41:28] ADVISORY OOMGROW: GPU memory 23601 MiB near the 24576 MiB limit
[watchdog9 09-28 07:51:28] ADVISORY OOMGROW: GPU memory 23601 MiB near the 24576 MiB limit
[watchdog9 09-28 08:01:29] ADVISORY OOMGROW: GPU memory 23995 MiB near the 24576 MiB limit
[watchdog9 09-28 08:11:29] ADVISORY OOMGROW: GPU memory 23995 MiB near the 24576 MiB limit
[watchdog9 09-28 08:21:29] ADVISORY OOMGROW: GPU memory 23721 MiB near the 24576 MiB limit
[watchdog9 09-28 08:31:29] ADVISORY OOMGROW: GPU memory 23721 MiB near the 24576 MiB limit
[watchdog9 09-28 08:41:29] ADVISORY OOMGROW: GPU memory 23721 MiB near the 24576 MiB limit
[watchdog9 09-28 08:51:29] ADVISORY OOMGROW: GPU memory 23779 MiB near the 24576 MiB limit
[watchdog9 09-28 09:01:29] ADVISORY OOMGROW: GPU memory 23779 MiB near the 24576 MiB limit
[watchdog9 09-28 09:11:29] ADVISORY OOMGROW: GPU memory 23779 MiB near the 24576 MiB limit
[watchdog9 09-28 09:21:29] ADVISORY OOMGROW: GPU memory 23779 MiB near the 24576 MiB limit
[watchdog9 09-28 09:31:29] ADVISORY OOMGROW: GPU memory 23779 MiB near the 24576 MiB limit
[watchdog9 09-28 09:41:29] ADVISORY OOMGROW: GPU memory 23779 MiB near the 24576 MiB limit
[watchdog9 09-28 09:51:30] ADVISORY OOMGROW: GPU memory 23779 MiB near the 24576 MiB limit
[watchdog9 09-28 10:01:30] ADVISORY OOMGROW: GPU memory 23779 MiB near the 24576 MiB limit
[watchdog9 09-28 10:11:30] ADVISORY OOMGROW: GPU memory 23779 MiB near the 24576 MiB limit
[watchdog9 09-28 10:21:30] ADVISORY OOMGROW: GPU memory 23779 MiB near the 24576 MiB limit
[watchdog9 09-28 10:31:30] ADVISORY OOMGROW: GPU memory 24149 MiB near the 24576 MiB limit
[watchdog9 09-28 10:41:30] ADVISORY OOMGROW: GPU memory 24149 MiB near the 24576 MiB limit
[watchdog9 09-28 11:01:30] ADVISORY OOMGROW: GPU memory 23521 MiB near the 24576 MiB limit
[watchdog9 09-28 11:11:30] ADVISORY OOMGROW: GPU memory 23521 MiB near the 24576 MiB limit
[watchdog9 09-28 11:21:30] ADVISORY OOMGROW: GPU memory 23521 MiB near the 24576 MiB limit
[watchdog9 09-28 11:31:31] ADVISORY OOMGROW: GPU memory 24049 MiB near the 24576 MiB limit
[watchdog9 09-28 11:41:31] ADVISORY OOMGROW: GPU memory 23701 MiB near the 24576 MiB limit
[watchdog9 09-28 11:51:31] ADVISORY OOMGROW: GPU memory 23701 MiB near the 24576 MiB limit
[watchdog9 09-28 12:01:31] ADVISORY OOMGROW: GPU memory 23701 MiB near the 24576 MiB limit
[watchdog9 09-28 12:11:31] SUCCESS: GPU_PROGRAM9_COMPLETE marker found
[watchdog10 09-28 12:51:20] === watchdog10 v3 start (pid 117724, max 3 restarts, poll 600s, GPU monitor on) ===
[watchdog10 09-28 12:51:20] ADVISORY STALL(1): program10 alive but GPU idle 1x600s (expected during CPU-eval stages; escalate if it outlasts the longest CPU eval ~75min)
[watchdog11 09-28 16:16:19] === watchdog11 v3 start (pid 120534, max 3 restarts, poll 600s, GPU monitor on) ===
[watchdog11 09-28 16:16:19] ADVISORY STALL(1): program11 alive but GPU idle 1x600s (expected during CPU-eval stages; escalate if it outlasts the longest CPU eval ~75min)
[watchdog11 09-29 10:16:29] program11 not running — (re)starting (attempt 1/3)
[watchdog11 09-29 10:58:34] program11 not running — (re)starting (attempt 2/3)
[watchdog11 09-29 11:40:40] program11 not running — (re)starting (attempt 3/3)
[watchdog11 09-29 12:22:45] GIVE UP: program11 failed 3 attempts — manual attention needed
[watchdog12 09-29 13:37:50] === watchdog12 v3 start (pid 146995, max 3 restarts, poll 600s, GPU monitor on) ===
[watchdog12 09-29 13:37:50] program12 not running — (re)starting (attempt 1/3)
